// Jest Snapshot v1, https://goo.gl/fbAQLP

exports[`Your page controller test without login 1`] = `
<h1>
  You must log in first!!!
</h1>
`;
